2026-09-27 18:01:43,516 - INFO - PARSE_JSON_SUCCESS
2026-09-27 18:01:43,516 - INFO - [DEVICE_SUMMARY]: core-sw01 (Switch) - 192.168.1.1
2026-09-27 18:01:43,516 - INFO - [DEVICE_SUMMARY]: edge-fw01 (Firewall) - 192.168.1.254
2026-09-27 18:05:06,265 - INFO - PARSE_JSON_SUCCESS
2026-09-27 18:05:06,266 - INFO - PARSE_YAML_SUCCESS
2026-09-27 18:05:06,266 - INFO - PARSE_XML_SUCCESS
2026-09-27 18:05:06,266 - INFO - PARSE_CSV_SUCCESS
2026-09-27 18:05:06,266 - INFO - [DEVICE_SUMMARY]: core-sw01 (Switch) - 192.168.1.1
2026-09-27 18:05:06,267 - INFO - [DEVICE_SUMMARY]: edge-fw01 (Firewall) - 192.168.1.254
2026-09-27 18:08:53,620 - INFO - PARSE_JSON_SUCCESS
2026-09-27 18:08:53,621 - INFO - PARSE_YAML_SUCCESS
2026-09-27 18:08:53,621 - INFO - PARSE_XML_SUCCESS
2026-09-27 18:08:53,622 - INFO - PARSE_CSV_SUCCESS
2026-09-27 18:09:53,594 - INFO - PARSE_JSON_SUCCESS
2026-09-27 18:09:53,594 - INFO - PARSE_YAML_SUCCESS
2026-09-27 18:09:53,595 - INFO - PARSE_XML_SUCCESS
2026-09-27 18:09:53,595 - INFO - PARSE_CSV_SUCCESS
2026-09-27 18:11:38,779 - INFO - PARSE_JSON_SUCCESS
2026-09-27 18:11:38,780 - INFO - PARSE_YAML_SUCCESS
2026-09-27 18:11:38,780 - INFO - PARSE_XML_SUCCESS
2026-09-27 18:11:38,781 - INFO - PARSE_CSV_SUCCESS
2026-09-27 18:11:38,781 - INFO - INTERFACE_MSG: Interface Gig0/1 is up
2026-09-27 18:11:38,781 - INFO - INTERFACE_MSG: Interface Gig0/2 is down
2026-09-27 18:11:38,781 - INFO - [DEVICE_SUMMARY]: core-sw01 (Switch) - 192.168.1.1
2026-09-27 18:11:38,781 - INFO - [DEVICE_SUMMARY]: edge-fw01 (Firewall) - 192.168.1.254
2026-09-27 18:15:08,725 - INFO - PARSE_JSON_SUCCESS
2026-09-27 18:15:08,726 - INFO - PARSE_YAML_SUCCESS
2026-09-27 18:15:08,727 - INFO - PARSE_XML_SUCCESS
2026-09-27 18:15:08,727 - INFO - PARSE_CSV_SUCCESS
2026-09-27 18:15:08,727 - INFO - INTERFACE_MSG: Interface Gig0/1 is up
2026-09-27 18:15:08,727 - INFO - INTERFACE_MSG: Interface Gig0/2 is down
2026-09-27 18:15:08,727 - INFO - DEVICE_MSG: Device core-sw01 is a DataCenter Switch
2026-09-27 18:15:08,727 - INFO - DEVICE_MSG: Device edge-fw01 is a Branch Firewall
2026-09-27 18:15:08,727 - INFO - [DEVICE_SUMMARY]: core-sw01 (Switch) - 192.168.1.1
2026-09-27 18:15:08,727 - INFO - [DEVICE_SUMMARY]: edge-fw01 (Firewall) - 192.168.1.254
2026-09-27 18:17:17,064 - INFO - PARSE_JSON_SUCCESS
2026-09-27 18:17:17,065 - INFO - PARSE_YAML_SUCCESS
2026-09-27 18:17:17,065 - INFO - PARSE_XML_SUCCESS
2026-09-27 18:17:17,065 - INFO - PARSE_CSV_SUCCESS
2026-09-27 18:17:17,066 - INFO - INTERFACE_MSG: Interface Gig0/1 is up
2026-09-27 18:17:17,066 - INFO - INTERFACE_MSG: Interface Gig0/2 is down
2026-09-27 18:17:17,066 - INFO - DEVICE_MSG: Device core-sw01 is a DataCenter Switch
2026-09-27 18:17:17,066 - INFO - DEVICE_MSG: Device edge-fw01 is a Branch Firewall
2026-09-27 18:17:17,066 - INFO - VLAN_MSG: VLAN 10 is the Users
2026-09-27 18:17:17,066 - INFO - VLAN_MSG: VLAN 20 is the Servers
2026-09-27 18:17:17,066 - INFO - [DEVICE_SUMMARY]: core-sw01 (Switch) - 192.168.1.1
2026-09-27 18:17:17,066 - INFO - [DEVICE_SUMMARY]: edge-fw01 (Firewall) - 192.168.1.254
2026-09-27 18:22:14,150 - INFO - PARSE_JSON_SUCCESS
2026-09-27 18:22:14,151 - INFO - PARSE_YAML_SUCCESS
2026-09-27 18:22:14,151 - INFO - PARSE_XML_SUCCESS
2026-09-27 18:22:14,152 - INFO - PARSE_CSV_SUCCESS
2026-09-27 18:22:14,152 - INFO - INTERFACE_MSG: Interface Gig0/1 is up
2026-09-27 18:22:14,152 - INFO - INTERFACE_MSG: Interface Gig0/2 is down
2026-09-27 18:22:14,152 - INFO - DEVICE_MSG: Device core-sw01 is a DataCenter Switch
2026-09-27 18:22:14,152 - INFO - DEVICE_MSG: Device edge-fw01 is a Branch Firewall
2026-09-27 18:22:14,152 - INFO - VLAN_MSG: VLAN 10 is the Users
2026-09-27 18:22:14,152 - INFO - VLAN_MSG: VLAN 20 is the Servers
2026-09-27 18:22:14,152 - INFO - [DEVICE_SUMMARY]: core-sw01 (Switch) - 192.168.1.1
2026-09-27 18:22:14,152 - INFO - [DEVICE_SUMMARY]: edge-fw01 (Firewall) - 192.168.1.254
2026-09-27 18:22:14,153 - INFO - LAB1_END
2026-09-27 18:26:11,267 - INFO - LAB1_START
2026-09-27 18:26:11,268 - INFO - PARSE_JSON_SUCCESS
2026-09-27 18:26:11,268 - INFO - PARSE_YAML_SUCCESS
2026-09-27 18:26:11,269 - INFO - PARSE_XML_SUCCESS
2026-09-27 18:26:11,269 - INFO - PARSE_CSV_SUCCESS
2026-09-27 18:26:11,269 - INFO - LAB1_END
2026-09-27 18:26:11,269 - INFO - INTERFACE_MSG: Interface Gig0/1 is up
2026-09-27 18:26:11,269 - INFO - INTERFACE_MSG: Interface Gig0/2 is down
2026-09-27 18:26:11,269 - INFO - DEVICE_MSG: Device core-sw01 is a DataCenter Switch
2026-09-27 18:26:11,270 - INFO - DEVICE_MSG: Device edge-fw01 is a Branch Firewall
2026-09-27 18:26:11,270 - INFO - VLAN_MSG: VLAN 10 is the Users
2026-09-27 18:26:11,270 - INFO - VLAN_MSG: VLAN 20 is the Servers
2026-09-27 18:26:11,270 - INFO - [DEVICE_SUMMARY]: core-sw01 (Switch) - 192.168.1.1
2026-09-27 18:26:11,270 - INFO - [DEVICE_SUMMARY]: edge-fw01 (Firewall) - 192.168.1.254
2026-09-27 18:27:36,801 - INFO - LAB1_START
2026-09-27 18:27:36,802 - INFO - PARSE_JSON_SUCCESS
2026-09-27 18:27:36,803 - INFO - PARSE_YAML_SUCCESS
2026-09-27 18:27:36,803 - INFO - PARSE_XML_SUCCESS
2026-09-27 18:27:36,803 - INFO - PARSE_CSV_SUCCESS
2026-09-27 18:27:36,803 - INFO - INTERFACE_MSG: Interface Gig0/1 is up
2026-09-27 18:27:36,803 - INFO - INTERFACE_MSG: Interface Gig0/2 is down
2026-09-27 18:27:36,803 - INFO - DEVICE_MSG: Device core-sw01 is a DataCenter Switch
2026-09-27 18:27:36,803 - INFO - DEVICE_MSG: Device edge-fw01 is a Branch Firewall
2026-09-27 18:27:36,804 - INFO - VLAN_MSG: VLAN 10 is the Users
2026-09-27 18:27:36,804 - INFO - VLAN_MSG: VLAN 20 is the Servers
2026-09-27 18:27:36,804 - INFO - [DEVICE_SUMMARY]: core-sw01 (Switch) - 192.168.1.1
2026-09-27 18:27:36,804 - INFO - [DEVICE_SUMMARY]: edge-fw01 (Firewall) - 192.168.1.254
2026-09-27 18:27:36,804 - INFO - LAB1_END
2026-09-27 18:42:02,734 - INFO - LAB1_START
2026-09-27 18:42:02,734 - INFO - PARSE_JSON_SUCCESS
2026-09-27 18:42:02,735 - INFO - PARSE_YAML_SUCCESS
2026-09-27 18:42:02,735 - INFO - PARSE_XML_SUCCESS
2026-09-27 18:42:02,735 - INFO - PARSE_CSV_SUCCESS
2026-09-27 18:42:02,735 - INFO - INTERFACE_MSG: Interface Gig0/1 is up
2026-09-27 18:42:02,735 - INFO - INTERFACE_MSG: Interface Gig0/2 is down
2026-09-27 18:42:02,736 - INFO - DEVICE_MSG: Device core-sw01 is a DataCenter Switch
2026-09-27 18:42:02,736 - INFO - DEVICE_MSG: Device edge-fw01 is a Branch Firewall
2026-09-27 18:42:02,736 - INFO - VLAN_MSG: VLAN 10 is the Users
2026-09-27 18:42:02,736 - INFO - VLAN_MSG: VLAN 20 is the Servers
2026-09-27 18:42:02,736 - INFO - [DEVICE_SUMMARY]: core-sw01 (Switch) - 192.168.1.1
2026-09-27 18:42:02,736 - INFO - [DEVICE_SUMMARY]: edge-fw01 (Firewall) - 192.168.1.254
2026-09-27 18:42:02,736 - INFO - LAB1_END
